[31m[Nest] 1664  - [39m06/22/2026, 4:00:59 PM [31m  ERROR[39m [38;5;3m[AllExceptionsFilter] [39m[31mGET / - 404[39m
NotFoundException: Cannot GET /
    at callback (D:\MostafaSaid\ELMostafa\backend\node_modules\@nestjs\core\router\routes-resolver.js:77:19)
    at D:\MostafaSaid\ELMostafa\backend\node_modules\@nestjs\core\router\router-proxy.js:9:23
    at Layer.handleRequest (D:\MostafaSaid\ELMostafa\backend\node_modules\router\lib\layer.js:152:17)
    at trimPrefix (D:\MostafaSaid\ELMostafa\backend\node_modules\router\index.js:342:13)
    at D:\MostafaSaid\ELMostafa\backend\node_modules\router\index.js:297:9
    at processParams (D:\MostafaSaid\ELMostafa\backend\node_modules\router\index.js:582:12)
    at next (D:\MostafaSaid\ELMostafa\backend\node_modules\router\index.js:291:5)
    at AsyncLocalStorage.run (node:internal/async_local_storage/async_context_frame:63:14)
    at I18nContext.create (D:\MostafaSaid\ELMostafa\backend\node_modules\nestjs-i18n\src\i18n.context.ts:54:18)
    at I18nMiddleware.use (D:\MostafaSaid\ELMostafa\backend\node_modules\nestjs-i18n\src\middlewares\i18n.middleware.ts:74:19)
    at process.processTicksAndRejections (node:internal/process/task_queues:104:5)
    at async D:\MostafaSaid\ELMostafa\backend\node_modules\@nestjs\core\router\router-proxy.js:9:17
[31m[Nest] 1664  - [39m06/22/2026, 4:01:42 PM [31m  ERROR[39m [38;5;3m[AllExceptionsFilter] [39m[31mGET /api - 404[39m
NotFoundException: Cannot GET /api
    at callback (D:\MostafaSaid\ELMostafa\backend\node_modules\@nestjs\core\router\routes-resolver.js:77:19)
    at D:\MostafaSaid\ELMostafa\backend\node_modules\@nestjs\core\router\router-proxy.js:9:23
    at Layer.handleRequest (D:\MostafaSaid\ELMostafa\backend\node_modules\router\lib\layer.js:152:17)
    at trimPrefix (D:\MostafaSaid\ELMostafa\backend\node_modules\router\index.js:342:13)
    at D:\MostafaSaid\ELMostafa\backend\node_modules\router\index.js:297:9
    at processParams (D:\MostafaSaid\ELMostafa\backend\node_modules\router\index.js:582:12)
    at next (D:\MostafaSaid\ELMostafa\backend\node_modules\router\index.js:291:5)
    at AsyncLocalStorage.run (node:internal/async_local_storage/async_context_frame:63:14)
    at I18nContext.create (D:\MostafaSaid\ELMostafa\backend\node_modules\nestjs-i18n\src\i18n.context.ts:54:18)
    at I18nMiddleware.use (D:\MostafaSaid\ELMostafa\backend\node_modules\nestjs-i18n\src\middlewares\i18n.middleware.ts:74:19)
    at process.processTicksAndRejections (node:internal/process/task_queues:104:5)
    at async D:\MostafaSaid\ELMostafa\backend\node_modules\@nestjs\core\router\router-proxy.js:9:17
[31m[Nest] 1664  - [39m06/22/2026, 4:02:23 PM [31m  ERROR[39m [38;5;3m[AllExceptionsFilter] [39m[31mGET /api/v1/auth/email/login - 404[39m
NotFoundException: Cannot GET /api/v1/auth/email/login
    at callback (D:\MostafaSaid\ELMostafa\backend\node_modules\@nestjs\core\router\routes-resolver.js:77:19)
    at D:\MostafaSaid\ELMostafa\backend\node_modules\@nestjs\core\router\router-proxy.js:9:23
    at Layer.handleRequest (D:\MostafaSaid\ELMostafa\backend\node_modules\router\lib\layer.js:152:17)
    at trimPrefix (D:\MostafaSaid\ELMostafa\backend\node_modules\router\index.js:342:13)
    at D:\MostafaSaid\ELMostafa\backend\node_modules\router\index.js:297:9
    at processParams (D:\MostafaSaid\ELMostafa\backend\node_modules\router\index.js:582:12)
    at next (D:\MostafaSaid\ELMostafa\backend\node_modules\router\index.js:291:5)
    at AsyncLocalStorage.run (node:internal/async_local_storage/async_context_frame:63:14)
    at I18nContext.create (D:\MostafaSaid\ELMostafa\backend\node_modules\nestjs-i18n\src\i18n.context.ts:54:18)
    at I18nMiddleware.use (D:\MostafaSaid\ELMostafa\backend\node_modules\nestjs-i18n\src\middlewares\i18n.middleware.ts:74:19)
    at process.processTicksAndRejections (node:internal/process/task_queues:104:5)
    at async D:\MostafaSaid\ELMostafa\backend\node_modules\@nestjs\core\router\router-proxy.js:9:17
[31m[Nest] 1664  - [39m06/22/2026, 4:02:37 PM [31m  ERROR[39m [38;5;3m[AllExceptionsFilter] [39m[31mGET / - 404[39m
NotFoundException: Cannot GET /
    at callback (D:\MostafaSaid\ELMostafa\backend\node_modules\@nestjs\core\router\routes-resolver.js:77:19)
    at D:\MostafaSaid\ELMostafa\backend\node_modules\@nestjs\core\router\router-proxy.js:9:23
    at Layer.handleRequest (D:\MostafaSaid\ELMostafa\backend\node_modules\router\lib\layer.js:152:17)
    at trimPrefix (D:\MostafaSaid\ELMostafa\backend\node_modules\router\index.js:342:13)
    at D:\MostafaSaid\ELMostafa\backend\node_modules\router\index.js:297:9
    at processParams (D:\MostafaSaid\ELMostafa\backend\node_modules\router\index.js:582:12)
    at next (D:\MostafaSaid\ELMostafa\backend\node_modules\router\index.js:291:5)
    at AsyncLocalStorage.run (node:internal/async_local_storage/async_context_frame:63:14)
    at I18nContext.create (D:\MostafaSaid\ELMostafa\backend\node_modules\nestjs-i18n\src\i18n.context.ts:54:18)
    at I18nMiddleware.use (D:\MostafaSaid\ELMostafa\backend\node_modules\nestjs-i18n\src\middlewares\i18n.middleware.ts:74:19)
    at process.processTicksAndRejections (node:internal/process/task_queues:104:5)
    at async D:\MostafaSaid\ELMostafa\backend\node_modules\@nestjs\core\router\router-proxy.js:9:17
[31m[Nest] 1664  - [39m06/22/2026, 4:02:50 PM [31m  ERROR[39m [38;5;3m[AllExceptionsFilter] [39m[31mGET / - 404[39m
NotFoundException: Cannot GET /
    at callback (D:\MostafaSaid\ELMostafa\backend\node_modules\@nestjs\core\router\routes-resolver.js:77:19)
    at D:\MostafaSaid\ELMostafa\backend\node_modules\@nestjs\core\router\router-proxy.js:9:23
    at Layer.handleRequest (D:\MostafaSaid\ELMostafa\backend\node_modules\router\lib\layer.js:152:17)
    at trimPrefix (D:\MostafaSaid\ELMostafa\backend\node_modules\router\index.js:342:13)
    at D:\MostafaSaid\ELMostafa\backend\node_modules\router\index.js:297:9
    at processParams (D:\MostafaSaid\ELMostafa\backend\node_modules\router\index.js:582:12)
    at next (D:\MostafaSaid\ELMostafa\backend\node_modules\router\index.js:291:5)
    at AsyncLocalStorage.run (node:internal/async_local_storage/async_context_frame:63:14)
    at I18nContext.create (D:\MostafaSaid\ELMostafa\backend\node_modules\nestjs-i18n\src\i18n.context.ts:54:18)
    at I18nMiddleware.use (D:\MostafaSaid\ELMostafa\backend\node_modules\nestjs-i18n\src\middlewares\i18n.middleware.ts:74:19)
    at process.processTicksAndRejections (node:internal/process/task_queues:104:5)
    at async D:\MostafaSaid\ELMostafa\backend\node_modules\@nestjs\core\router\router-proxy.js:9:17
